
> HealOps@0.0.3 test
> mocha -r ts-node/register test/**/*.test.ts



  HealOps Detector Tests (Full Coverage)
Inspecting node of type: Program in file: file.ts
Inspecting node of type: TryStatement in file: file.ts
Inspecting node of type: BlockStatement in file: file.ts
Inspecting node of type: ExpressionStatement in file: file.ts
Inspecting node of type: CallExpression in file: file.ts
Inspecting node of type: MemberExpression in file: file.ts
Inspecting node of type: Identifier in file: file.ts
Inspecting node of type: Identifier in file: file.ts
Inspecting node of type: Literal in file: file.ts
Inspecting node of type: CatchClause in file: file.ts
Inspecting node of type: Identifier in file: file.ts
Inspecting node of type: BlockStatement in file: file.ts
Inspecting node of type: ExpressionStatement in file: file.ts
Inspecting node of type: CallExpression in file: file.ts
Inspecting node of type: Identifier in file: file.ts
Issues detected: 0
    Ô£ö detectRetryIssues passes when retry logic is present
    Ô£ö detectTimeoutIssues passes when timeout is set
    Ô£ö detectSecureHeadersIssues passes when helmet is used
    1) detectCircuitBreakerIssues passes when circuitBreaker keyword is used
    Ô£ö detectHealthCheckIssues passes when /health endpoint exists
    Ô£ö detectDependencyIssues passes when using injected dependencies
    Ô£ö detectLoggingIssues passes when console logging is used in catch
Ô£à Scanner detected rate limiting is already present in: file.ts
    Ô£ö detectRateLimitingIssues passes when express-rate-limit is used
    2) detectInputValidationIssues passes when validate middleware is used


  7 passing (24ms)
  2 failing

  1) HealOps Detector Tests (Full Coverage)
       detectCircuitBreakerIssues passes when circuitBreaker keyword is used:
     SyntaxError: Unexpected token (3:9)
      at Parser.pp$4.raise (node_modules\acorn\dist\acorn.js:3646:15)
      at Parser.pp$9.unexpected (node_modules\acorn\dist\acorn.js:772:10)
      at Parser.pp$9.semicolon (node_modules\acorn\dist\acorn.js:749:68)
      at Parser.pp$8.parseExpressionStatement (node_modules\acorn\dist\acorn.js:1244:10)
      at Parser.pp$8.parseStatement (node_modules\acorn\dist\acorn.js:965:26)
      at Parser.pp$8.parseTopLevel (node_modules\acorn\dist\acorn.js:829:23)
      at Parser.parse (node_modules\acorn\dist\acorn.js:601:17)
      at Function.parse (node_modules\acorn\dist\acorn.js:651:37)
      at Object.parse (node_modules\acorn\dist\acorn.js:6133:19)
      at parse (test\extension.test.ts:15:15)
      at Context.<anonymous> (test\extension.test.ts:54:45)
      at processImmediate (node:internal/timers:476:21)

  2) HealOps Detector Tests (Full Coverage)
       detectInputValidationIssues passes when validate middleware is used:

      AssertionError [ERR_ASSERTION]: Expected values to be strictly equal:

1 !== 0

      + expected - actual

      -1
      +0
      
      at Context.<anonymous> (test\extension.test.ts:100:10)
      at processImmediate (node:internal/timers:476:21)



